date:当前日期: 2020/04/29 周三

time:当前时间: 10:56:09.67

os version:10.0.18362 暂缺 Build 18362

hardware information:物理内存总量: 8,089 MB 
		     可用的物理内存: 2,763 MB

uptime:系统启动时间: 2020/4/22, 13:38:40

services information: 
HKLM\System\CurrentControlSet\Control\Terminal Server\Wds\rdpwd\StartupPrograms
   rdpclip
     rdpclip
     RDP ???????
     Microsoft Corporation
     10.0.18362.752
     c:\windows\system32\rdpclip.exe
     1921/12/1 20:34

HKLM\SOFTWARE\Microsoft\Windows NT\CurrentVersion\Winlogon\Userinit
   C:\Windows\system32\userinit.exe
     C:\Windows\system32\userinit.exe
     Userinit ??????
     Microsoft Corporation
     10.0.18362.1
     c:\windows\system32\userinit.exe
     1940/8/17 19:07

HKLM\SOFTWARE\Microsoft\Windows NT\CurrentVersion\Winlogon\VmApplet
   SystemPropertiesPerformance.exe
     SystemPropertiesPerformance.exe
     ?????????
     Microsoft Corporation
     10.0.18362.1
     c:\windows\system32\systempropertiesperformance.exe
     1969/7/2 16:26

HKLM\SOFTWARE\Microsoft\Windows NT\CurrentVersion\Winlogon\Shell
   explorer.exe
     explorer.exe
     Windows ?????
     Microsoft Corporation
     10.0.18362.693
     c:\windows\explorer.exe
     2017/1/16 8:53

HKLM\SYSTEM\CurrentControlSet\Control\SafeBoot\AlternateShell
   cmd.exe
     cmd.exe
     Windows ??????
     Microsoft Corporation
     10.0.18362.449
     c:\windows\system32\cmd.exe
     1914/12/28 14:19

HKLM\SOFTWARE\Microsoft\Windows\CurrentVersion\Run
   SecurityHealth
     %windir%\system32\SecurityHealthSystray.exe
     Windows Security notification icon
     Microsoft Corporation
     10.0.18362.628
     c:\windows\system32\securityhealthsystray.exe
     2032/12/4 8:10
   RTHDVCPL
     "C:\Program Files\Realtek\Audio\HDA\RtkNGUI64.exe" -s
     Realtek????????
     Realtek Semiconductor
     1.0.693.0
     c:\program files\realtek\audio\hda\rtkngui64.exe
     2018/10/15 18:17
   RtHDVBg_PushButton
     "C:\Program Files\Realtek\Audio\HDA\RAVBg64.exe" /IM
     HD Audio Background Process
     Realtek Semiconductor
     1.0.0.295
     c:\program files\realtek\audio\hda\ravbg64.exe
     2018/10/12 15:32
   ShadowPlay
     "C:\Windows\system32\rundll32.exe" C:\Windows\system32\nvspcap64.dll,ShadowPlayOnSystemStart
     NVIDIA Capture Server Proxy
     NVIDIA Corporation
     3.7.0.81
     c:\windows\system32\nvspcap64.dll
     2017/6/21 4:44
   DellMobileConnectWelcome
     C:\Program Files\Dell\DellMobileConnectDrivers\DellMobileConnectWelcome.exe
     DellMobileConnectWelcome
     Screenovate Technologies Ltd.
     1.1.0.3750
     c:\program files\dell\dellmobileconnectdrivers\dellmobileconnectwelcome.exe
     2017/11/6 4:04
   IAStorIcon
     "C:\Program Files\Intel\Intel(R) Rapid Storage Technology\IAStorIconLaunch.exe" "C:\Program Files\Intel\Intel(R) Rapid Storage Technology\IAStorIcon.exe" 60
     Delayed launcher
     Intel Corporation
     1.0.0.1
     c:\program files\intel\intel(r) rapid storage technology\iastoriconlaunch.exe
     2019/1/10 3:08
   WavesSvc
     "C:\Program Files\Waves\MaxxAudio\WavesSvc64.exe" -Jack
     Waves MaxxAudio Service Application
     Waves Audio Ltd.
     1.17.18.0
     c:\program files\waves\maxxaudio\wavessvc64.exe
     2018/3/1 4:45

HKLM\SOFTWARE\Wow6432Node\Microsoft\Windows\CurrentVersion\Run
   IncrediBuild Agent Monitor
     C:\Program Files (x86)\Xoreax\IncrediBuild\BuildTrayIcon.exe
     IncrediBuild Agent Tray-Icon
     Xoreax Software Ltd.
     9.21.0.2173
     c:\program files (x86)\xoreax\incredibuild\buildtrayicon.exe
     1992/6/20 6:22
   vmware-tray.exe
     "F:\VM Workstation 15.5.0\vmware-tray.exe"
     VMware Tray Process
     VMware, Inc.
     15.5.0.49504
     f:\vm workstation 15.5.0\vmware-tray.exe
     2019/9/17 10:03

HKLM\SOFTWARE\Microsoft\Active Setup\Installed Components
   Microsoft Windows Media Player
     %SystemRoot%\system32\unregmp2.exe /ShowWMP
     Microsoft Windows Media Player ??????
     Microsoft Corporation
     12.0.18362.1
     c:\windows\system32\unregmp2.exe
     1905/1/19 16:25
   Themes Setup
     themeui.dll
     Windows ?? API
     Microsoft Corporation
     10.0.18362.1
     c:\windows\system32\themeui.dll
     2004/6/4 0:28
   Microsoft Windows Media Player
     %SystemRoot%\system32\unregmp2.exe /FirstLogon
     Microsoft Windows Media Player ??????
     Microsoft Corporation
     12.0.18362.1
     c:\windows\system32\unregmp2.exe
     1905/1/19 16:25
   Windows Desktop Update
     shell32.dll
     Windows Shell ?? DLL
     Microsoft Corporation
     10.0.18362.719
     c:\windows\system32\shell32.dll
     2021/3/19 19:01
   Web Platform Customizations
     C:\Windows\System32\ie4uinit.exe -UserConfig
     IE ????????
     Microsoft Corporation
     11.0.18362.628
     c:\windows\system32\ie4uinit.exe
     1912/12/24 7:59
   n/a
     C:\Windows\System32\Rundll32.exe C:\Windows\System32\mscories.dll,Install
     Microsoft .NET IE SECURITY REGISTRATION
     Microsoft Corporation
     2.0.50727.9136
     c:\windows\system32\mscories.dll
     2019/3/4 20:54
   Google Chrome
     "C:\Program Files (x86)\Google\Chrome\Application\81.0.4044.129\Installer\chrmstp.exe" --configure-user-settings --verbose-logging --system-level
     Google Chrome Installer
     Google LLC
     81.0.4044.129
     c:\program files (x86)\google\chrome\application\81.0.4044.129\installer\chrmstp.exe
     2020/4/25 8:10

HKLM\SOFTWARE\Wow6432Node\Microsoft\Active Setup\Installed Components
   Microsoft Windows Media Player
     %SystemRoot%\system32\unregmp2.exe /ShowWMP
     Microsoft Windows Media Player Setup Utility
     Microsoft Corporation
     12.0.18362.1
     c:\windows\syswow64\unregmp2.exe
     1982/6/14 6:30
   Microsoft Windows Media Player
     %SystemRoot%\system32\unregmp2.exe /FirstLogon
     Microsoft Windows Media Player Setup Utility
     Microsoft Corporation
     12.0.18362.1
     c:\windows\syswow64\unregmp2.exe
     1982/6/14 6:30
   n/a
     C:\Windows\SysWOW64\Rundll32.exe C:\Windows\SysWOW64\mscories.dll,Install
     Microsoft .NET IE SECURITY REGISTRATION
     Microsoft Corporation
     2.0.50727.9136
     c:\windows\syswow64\mscories.dll
     2019/3/5 2:12

HKLM\Software\Microsoft\Windows NT\CurrentVersion\Windows\IconServiceLib
   IconCodecService.dll
     IconCodecService.dll
     Converts a PNG part of the icon to a legacy bmp icon
     Microsoft Corporation
     10.0.18362.1
     c:\windows\system32\iconcodecservice.dll
     1943/11/28 10:47

HKCU\SOFTWARE\Microsoft\Windows\CurrentVersion\Run
   OneDrive
     "C:\Users\dell\AppData\Local\Microsoft\OneDrive\OneDrive.exe" /background
     Microsoft OneDrive
     Microsoft Corporation
     19.232.1124.12
     c:\users\dell\appdata\local\microsoft\onedrive\onedrive.exe
     1908/5/24 3:47
   ctfmon
     C:\WINDOWS\system32\ctfmon.exe
     CTF ????
     Microsoft Corporation
     10.0.18362.1
     c:\windows\system32\ctfmon.exe
     2012/12/25 15:01
   BaiduYunDetect
     "D:\Program Files (x86)\BaiduNetdisk\YunDetectService.exe"
     d:\program files (x86)\baidunetdisk\yundetectservice.exe
     2020/3/18 18:44
   qbclipboard
     "D:\Program Files (x86)\QQBrowser\QQBrowser.exe" --type=assistant --clipboard
     File not found: D:\Program Files (x86)\QQBrowser\QQBrowser.exe


HKCU\SOFTWARE\Microsoft\Windows\CurrentVersion\RunOnce
   Application Restart #1
     D:\Program Files (x86)\QQBrowser\QQBrowser.exe  -host=extension -independentmode=1 -extensionlist={66AC5389-365D-4B55-BF5C-5A2A4BC21CCD} --frame-processstart=1582515483.629332 --disable-gpu-early-init --qua=UFI9UEMmQ089V0JLJlFWPTMmUEw9V0lOJlBCPUdFJlBQVk49MTAuNS4wLjM4NjMmQ09WQz0wNDcwMDAmQ0hJRD00NDc2NiZSTD0xOTIwKjEwODAmTU89UUImVkU9R0EmQklUPTY0Jk9TPTEwLjAuMTgzNjI= --lang=zh-CN --no-first-run --qb-browser-process --channel=8744.0.1090610771 --frame-version=10.5.3863.400 --disable-d3d11 --disable-site-isolation-trials --enable-nacl --disable-gpu-early-init --enable-features=sync-local-preference,sync-timestamp,qqbrowser-union-enable,use-bookmark-password --force-fieldtrials --disable-gpu-watchdog --allow-outdated-plugins /prefetch:8 --flag-switches-begin --flag-switches-end --qb-webui-register=chrome://newtab,chrome://actionbanner --no-sandbox --disable-component-update --disable-sync --enable-npapi --save-page-as-mhtml --no-sandbox --restore-last-session
     File not found: D:\Program Files (x86)\QQBrowser\QQBrowser.exe  -host=extension -independentmode=1 -extensionlist={66AC5389-365D-4B55-BF5C-5A2A4BC21CCD} --frame-processstart=1582515483.629332 --disable-gpu-early-init --qua=UFI9UEMmQ089V0JLJlFWPTMmUEw9V0lOJlBCPUdFJlBQVk49MTAuNS4wLjM4NjMmQ09WQz0wNDcwMDAmQ0hJRD00NDc2NiZSTD0xOTIwKjEwODAmTU89UUImVkU9R0EmQklUPTY0Jk9TPTEwLjAuMTgzNjI= --lang=zh-CN --no-first-run --qb-browser-process --channel=8744.0.1090610771 --frame-version=10.5.3863.400 --disable-d3d11 --disable-site-isolation-trials --enable-nacl --disable-gpu-early-init --enable-features=sync-local-preference,sync-timestamp,qqbrowser-union-enable,use-bookmark-password --force-fieldtrials --disable-gpu-watchdog --allow-outdated-plugins /prefetch:8 --flag-switches-begin --flag-switches-end --qb-webui-register=chrome://newtab,chrome://actionbanner --no-sandbox --disable-component-update --disable-sync --enable-npapi --save-page-as-mhtml --no-sandbox --restore-last-session.exe


C:\Users\dell\AppData\Roaming\Microsoft\Windows\Start Menu\Programs\Startup
   ??? OneNote.lnk
     C:\Users\dell\AppData\Roaming\Microsoft\Windows\Start Menu\Programs\Startup\??? OneNote.lnk
     Send to OneNote Tool
     Microsoft Corporation
     16.0.12624.20466
     c:\program files (x86)\microsoft office\root\office16\onenotem.exe
     2020/4/14 6:30

HKCU\SOFTWARE\Microsoft\Windows\CurrentVersion\Run
   OneDrive
     "C:\Users\dell\AppData\Local\Microsoft\OneDrive\OneDrive.exe" /background
     Microsoft OneDrive
     Microsoft Corporation
     19.232.1124.12
     c:\users\dell\appdata\local\microsoft\onedrive\onedrive.exe
     1908/5/24 3:47
   ctfmon
     C:\WINDOWS\system32\ctfmon.exe
     CTF ????
     Microsoft Corporation
     10.0.18362.1
     c:\windows\system32\ctfmon.exe
     2012/12/25 15:01
   BaiduYunDetect
     "D:\Program Files (x86)\BaiduNetdisk\YunDetectService.exe"
     d:\program files (x86)\baidunetdisk\yundetectservice.exe
     2020/3/18 18:44
   qbclipboard
     "D:\Program Files (x86)\QQBrowser\QQBrowser.exe" --type=assistant --clipboard
     File not found: D:\Program Files (x86)\QQBrowser\QQBrowser.exe


HKCU\SOFTWARE\Microsoft\Windows\CurrentVersion\RunOnce
   Application Restart #1
     D:\Program Files (x86)\QQBrowser\QQBrowser.exe  -host=extension -independentmode=1 -extensionlist={66AC5389-365D-4B55-BF5C-5A2A4BC21CCD} --frame-processstart=1582515483.629332 --disable-gpu-early-init --qua=UFI9UEMmQ089V0JLJlFWPTMmUEw9V0lOJlBCPUdFJlBQVk49MTAuNS4wLjM4NjMmQ09WQz0wNDcwMDAmQ0hJRD00NDc2NiZSTD0xOTIwKjEwODAmTU89UUImVkU9R0EmQklUPTY0Jk9TPTEwLjAuMTgzNjI= --lang=zh-CN --no-first-run --qb-browser-process --channel=8744.0.1090610771 --frame-version=10.5.3863.400 --disable-d3d11 --disable-site-isolation-trials --enable-nacl --disable-gpu-early-init --enable-features=sync-local-preference,sync-timestamp,qqbrowser-union-enable,use-bookmark-password --force-fieldtrials --disable-gpu-watchdog --allow-outdated-plugins /prefetch:8 --flag-switches-begin --flag-switches-end --qb-webui-register=chrome://newtab,chrome://actionbanner --no-sandbox --disable-component-update --disable-sync --enable-npapi --save-page-as-mhtml --no-sandbox --restore-last-session
     File not found: D:\Program Files (x86)\QQBrowser\QQBrowser.exe  -host=extension -independentmode=1 -extensionlist={66AC5389-365D-4B55-BF5C-5A2A4BC21CCD} --frame-processstart=1582515483.629332 --disable-gpu-early-init --qua=UFI9UEMmQ089V0JLJlFWPTMmUEw9V0lOJlBCPUdFJlBQVk49MTAuNS4wLjM4NjMmQ09WQz0wNDcwMDAmQ0hJRD00NDc2NiZSTD0xOTIwKjEwODAmTU89UUImVkU9R0EmQklUPTY0Jk9TPTEwLjAuMTgzNjI= --lang=zh-CN --no-first-run --qb-browser-process --channel=8744.0.1090610771 --frame-version=10.5.3863.400 --disable-d3d11 --disable-site-isolation-trials --enable-nacl --disable-gpu-early-init --enable-features=sync-local-preference,sync-timestamp,qqbrowser-union-enable,use-bookmark-password --force-fieldtrials --disable-gpu-watchdog --allow-outdated-plugins /prefetch:8 --flag-switches-begin --flag-switches-end --qb-webui-register=chrome://newtab,chrome://actionbanner --no-sandbox --disable-component-update --disable-sync --enable-npapi --save-page-as-mhtml --no-sandbox --restore-last-session.exe


C:\Users\dell\AppData\Roaming\Microsoft\Windows\Start Menu\Programs\Startup
   ??? OneNote.lnk
     C:\Users\dell\AppData\Roaming\Microsoft\Windows\Start Menu\Programs\Startup\??? OneNote.lnk
     Send to OneNote Tool
     Microsoft Corporation
     16.0.12624.20466
     c:\program files (x86)\microsoft office\root\office16\onenotem.exe
     2020/4/14 6:30

nic information:
Windows IP 配置

   主机名  . . . . . . . . . . . . . : DESKTOP-6VI31KB
   主 DNS 后缀 . . . . . . . . . . . :
   节点类型  . . . . . . . . . . . . : 混合
   IP 路由已启用 . . . . . . . . . . : 否
   WINS 代理已启用 . . . . . . . . . : 否
   DNS 后缀搜索列表  . . . . . . . . : DHCP HOST

以太网适配器 SSTAP 1:

   媒体状态  . . . . . . . . . . . . : 媒体已断开连接
   连接特定的 DNS 后缀 . . . . . . . :
   描述. . . . . . . . . . . . . . . : TAP-Windows Adapter V9
   物理地址. . . . . . . . . . . . . : 00-FF-97-21-00-FE
   DHCP 已启用 . . . . . . . . . . . : 否
   自动配置已启用. . . . . . . . . . : 是

以太网适配器 以太网:

   媒体状态  . . . . . . . . . . . . : 媒体已断开连接
   连接特定的 DNS 后缀 . . . . . . . :
   描述. . . . . . . . . . . . . . . : Realtek PCIe GBE Family Controller
   物理地址. . . . . . . . . . . . . : 8C-EC-4B-1C-B3-48
   DHCP 已启用 . . . . . . . . . . . : 是
   自动配置已启用. . . . . . . . . . : 是

无线局域网适配器 本地连接* 1:

   媒体状态  . . . . . . . . . . . . : 媒体已断开连接
   连接特定的 DNS 后缀 . . . . . . . :
   描述. . . . . . . . . . . . . . . : Microsoft Wi-Fi Direct Virtual Adapter
   物理地址. . . . . . . . . . . . . : 9E-30-5B-61-CE-E5
   DHCP 已启用 . . . . . . . . . . . : 是
   自动配置已启用. . . . . . . . . . : 是

无线局域网适配器 本地连接* 3:

   媒体状态  . . . . . . . . . . . . : 媒体已断开连接
   连接特定的 DNS 后缀 . . . . . . . :
   描述. . . . . . . . . . . . . . . : Microsoft Wi-Fi Direct Virtual Adapter #2
   物理地址. . . . . . . . . . . . . : AE-30-5B-61-CE-E5
   DHCP 已启用 . . . . . . . . . . . : 是
   自动配置已启用. . . . . . . . . . : 是

以太网适配器 VMware Network Adapter VMnet1:

   连接特定的 DNS 后缀 . . . . . . . :
   描述. . . . . . . . . . . . . . . : VMware Virtual Ethernet Adapter for VMnet1
   物理地址. . . . . . . . . . . . . : 00-50-56-C0-00-01
   DHCP 已启用 . . . . . . . . . . . : 否
   自动配置已启用. . . . . . . . . . : 是
   本地链接 IPv6 地址. . . . . . . . : fe80::2c0f:73ed:8978:beaf%26(首选)
   IPv4 地址 . . . . . . . . . . . . : 192.168.23.1(首选)
   子网掩码  . . . . . . . . . . . . : 255.255.255.0
   默认网关. . . . . . . . . . . . . :
   DHCPv6 IAID . . . . . . . . . . . : 218124374
   DHCPv6 客户端 DUID  . . . . . . . : 00-01-00-01-21-FC-BA-56-8C-EC-4B-1C-B3-48
   DNS 服务器  . . . . . . . . . . . : fec0:0:0:ffff::1%1
                                       fec0:0:0:ffff::2%1
                                       fec0:0:0:ffff::3%1
   TCPIP 上的 NetBIOS  . . . . . . . : 已启用

以太网适配器 VMware Network Adapter VMnet8:

   连接特定的 DNS 后缀 . . . . . . . :
   描述. . . . . . . . . . . . . . . : VMware Virtual Ethernet Adapter for VMnet8
   物理地址. . . . . . . . . . . . . : 00-50-56-C0-00-08
   DHCP 已启用 . . . . . . . . . . . : 否
   自动配置已启用. . . . . . . . . . : 是
   本地链接 IPv6 地址. . . . . . . . : fe80::84b0:d7f:4593:10c9%11(首选)
   IPv4 地址 . . . . . . . . . . . . : 192.168.210.1(首选)
   子网掩码  . . . . . . . . . . . . : 255.255.255.0
   默认网关. . . . . . . . . . . . . :
   DHCPv6 IAID . . . . . . . . . . . : 469782614
   DHCPv6 客户端 DUID  . . . . . . . : 00-01-00-01-21-FC-BA-56-8C-EC-4B-1C-B3-48
   DNS 服务器  . . . . . . . . . . . : fec0:0:0:ffff::1%1
                                       fec0:0:0:ffff::2%1
                                       fec0:0:0:ffff::3%1
   TCPIP 上的 NetBIOS  . . . . . . . : 已启用

以太网适配器 以太网 5:

   媒体状态  . . . . . . . . . . . . : 媒体已断开连接
   连接特定的 DNS 后缀 . . . . . . . :
   描述. . . . . . . . . . . . . . . : Sangfor SSL VPN CS Support System VNIC
   物理地址. . . . . . . . . . . . . : 00-FF-38-78-A9-CC
   DHCP 已启用 . . . . . . . . . . . : 否
   自动配置已启用. . . . . . . . . . : 是

以太网适配器 蓝牙网络连接 3:

   媒体状态  . . . . . . . . . . . . : 媒体已断开连接
   连接特定的 DNS 后缀 . . . . . . . :
   描述. . . . . . . . . . . . . . . : Bluetooth Device (Personal Area Network) #3
   物理地址. . . . . . . . . . . . . : 9C-30-5B-61-CE-E6
   DHCP 已启用 . . . . . . . . . . . : 是
   自动配置已启用. . . . . . . . . . : 是

无线局域网适配器 WLAN:

   连接特定的 DNS 后缀 . . . . . . . : DHCP HOST
   描述. . . . . . . . . . . . . . . : Qualcomm QCA61x4A 802.11ac Wireless Adapter
   物理地址. . . . . . . . . . . . . : 9C-30-5B-61-CE-E5
   DHCP 已启用 . . . . . . . . . . . : 是
   自动配置已启用. . . . . . . . . . : 是
   本地链接 IPv6 地址. . . . . . . . : fe80::8961:16ff:4303:d138%17(首选)
   IPv4 地址 . . . . . . . . . . . . : 192.168.1.102(首选)
   子网掩码  . . . . . . . . . . . . : 255.255.255.0
   获得租约的时间  . . . . . . . . . : 2020年4月22日 13:39:03
   租约过期的时间  . . . . . . . . . : 2020年4月29日 12:29:23
   默认网关. . . . . . . . . . . . . : 192.168.1.1
   DHCP 服务器 . . . . . . . . . . . : 192.168.1.1
   DHCPv6 IAID . . . . . . . . . . . : 345780315
   DHCPv6 客户端 DUID  . . . . . . . : 00-01-00-01-21-FC-BA-56-8C-EC-4B-1C-B3-48
   DNS 服务器  . . . . . . . . . . . : 122.96.51.25
                                       122.96.51.26
   TCPIP 上的 NetBIOS  . . . . . . . : 已启用

route information:
===========================================================================
接口列表
 20...00 ff 97 21 00 fe ......TAP-Windows Adapter V9
 12...8c ec 4b 1c b3 48 ......Realtek PCIe GBE Family Controller
 13...9e 30 5b 61 ce e5 ......Microsoft Wi-Fi Direct Virtual Adapter
 28...ae 30 5b 61 ce e5 ......Microsoft Wi-Fi Direct Virtual Adapter #2
 26...00 50 56 c0 00 01 ......VMware Virtual Ethernet Adapter for VMnet1
 11...00 50 56 c0 00 08 ......VMware Virtual Ethernet Adapter for VMnet8
  9...00 ff 38 78 a9 cc ......Sangfor SSL VPN CS Support System VNIC
 16...9c 30 5b 61 ce e6 ......Bluetooth Device (Personal Area Network) #3
  1...........................Software Loopback Interface 1
 17...9c 30 5b 61 ce e5 ......Qualcomm QCA61x4A 802.11ac Wireless Adapter
===========================================================================

IPv4 路由表
===========================================================================
活动路由:
网络目标        网络掩码          网关       接口   跃点数
          0.0.0.0          0.0.0.0      192.168.1.1    192.168.1.102    200
        127.0.0.0        255.0.0.0            在链路上         127.0.0.1    331
        127.0.0.1  255.255.255.255            在链路上         127.0.0.1    331
  127.255.255.255  255.255.255.255            在链路上         127.0.0.1    331
      192.168.1.0    255.255.255.0            在链路上     192.168.1.102    356
    192.168.1.102  255.255.255.255            在链路上     192.168.1.102    356
    192.168.1.255  255.255.255.255            在链路上     192.168.1.102    356
     192.168.23.0    255.255.255.0            在链路上      192.168.23.1    291
     192.168.23.1  255.255.255.255            在链路上      192.168.23.1    291
   192.168.23.255  255.255.255.255            在链路上      192.168.23.1    291
    192.168.210.0    255.255.255.0            在链路上     192.168.210.1    291
    192.168.210.1  255.255.255.255            在链路上     192.168.210.1    291
  192.168.210.255  255.255.255.255            在链路上     192.168.210.1    291
        224.0.0.0        240.0.0.0            在链路上         127.0.0.1    331
        224.0.0.0        240.0.0.0            在链路上      192.168.23.1    291
        224.0.0.0        240.0.0.0            在链路上     192.168.210.1    291
        224.0.0.0        240.0.0.0            在链路上     192.168.1.102    356
  255.255.255.255  255.255.255.255            在链路上         127.0.0.1    331
  255.255.255.255  255.255.255.255            在链路上      192.168.23.1    291
  255.255.255.255  255.255.255.255            在链路上     192.168.210.1    291
  255.255.255.255  255.255.255.255            在链路上     192.168.1.102    356
===========================================================================
永久路由:
  无

IPv6 路由表
===========================================================================
活动路由:
 接口跃点数网络目标                网关
  1    331 ::1/128                  在链路上
 26    291 fe80::/64                在链路上
 11    291 fe80::/64                在链路上
 17    356 fe80::/64                在链路上
 26    291 fe80::2c0f:73ed:8978:beaf/128
                                    在链路上
 11    291 fe80::84b0:d7f:4593:10c9/128
                                    在链路上
 17    356 fe80::8961:16ff:4303:d138/128
                                    在链路上
  1    331 ff00::/8                 在链路上
 26    291 ff00::/8                 在链路上
 11    291 ff00::/8                 在链路上
 17    356 ff00::/8                 在链路上
===========================================================================
永久路由:
  无

arp information:
接口: 192.168.210.1 --- 0xb
  Internet 地址         物理地址              类型
  192.168.210.255       ff-ff-ff-ff-ff-ff     静态
  224.0.0.22            01-00-5e-00-00-16     静态
  224.0.0.251           01-00-5e-00-00-fb     静态
  224.0.0.252           01-00-5e-00-00-fc     静态
  239.255.255.250       01-00-5e-7f-ff-fa     静态

接口: 192.168.1.102 --- 0x11
  Internet 地址         物理地址              类型
  192.168.1.1           30-fc-68-4a-5d-8a     动态
  192.168.1.103         88-f7-bf-5b-ff-2f     动态
  192.168.1.255         ff-ff-ff-ff-ff-ff     静态
  224.0.0.22            01-00-5e-00-00-16     静态
  224.0.0.251           01-00-5e-00-00-fb     静态
  224.0.0.252           01-00-5e-00-00-fc     静态
  239.255.255.250       01-00-5e-7f-ff-fa     静态
  255.255.255.255       ff-ff-ff-ff-ff-ff     静态

接口: 192.168.23.1 --- 0x1a
  Internet 地址         物理地址              类型
  192.168.23.255        ff-ff-ff-ff-ff-ff     静态
  224.0.0.22            01-00-5e-00-00-16     静态
  224.0.0.251           01-00-5e-00-00-fb     静态
  224.0.0.252           01-00-5e-00-00-fc     静态
  239.255.255.250       01-00-5e-7f-ff-fa     静态
  255.255.255.255       ff-ff-ff-ff-ff-ff     静态

information of processes:
Process information for DESKTOP-6VI31KB:

Name                Pid Pri Thd  Hnd   Priv        CPU Time    Elapsed Time
Idle                  0   0   8    0     60  1219:10:27.703   165:48:04.463
System                4   8 224 7709    192     7:37:43.671   165:48:04.463
Registry            120   8   4    0  16560     0:00:21.156   165:48:11.907
smss                540  11   2   53   1160     0:00:00.140   165:48:04.447
csrss               652  13  15  979   2168     0:00:46.781   165:47:59.764
wininit             756  13   1  156   1396     0:00:00.093   165:47:58.127
csrss               764  13  21  913   3140     0:20:16.656   165:47:58.122
services            828   9  12  972   8640     0:23:30.000   165:47:58.024
lsass               848   9   9 2286  11932     0:07:59.687   165:47:57.986
svchost             956   8   2   86   1008     0:00:00.046   165:47:57.728
svchost             980   8  35 1689  34380     0:12:53.109   165:47:57.712
fontdrvhost        1004   8   5   32   2192     0:00:00.031   165:47:57.690
WUDFHost           1020  13  11  356   4436     0:00:19.468   165:47:57.683
WUDFHost            600   8   8  318   4344     0:00:00.156   165:47:57.517
svchost            1040   8  17 1808  12888     0:16:37.921   165:47:56.501
svchost            1088   8   6  343   3164     0:00:51.500   165:47:56.473
winlogon           1168  13   5  273   2620     0:00:01.250   165:47:56.119
fontdrvhost        1232   8   5   32   8532     0:00:51.015   165:47:56.068
svchost            1288   8   8  283   2744     0:00:22.984   165:47:55.990
svchost            1336   8   5  172   2036     0:00:01.687   165:47:55.986
svchost            1344   8   3  179   1904     0:00:00.187   165:47:55.986
svchost            1368   8   8  266   2656     0:00:01.562   165:47:55.985
dwm                1404  13  16 2030 186360     2:15:11.250   165:47:55.979
svchost            1544   8   5  257   2848     0:00:01.453   165:47:55.965
svchost            1552   8   4  167   2496     0:00:05.984   165:47:55.965
svchost            1724   8   3  254   2688     0:00:00.781   165:47:55.930
svchost            1788   8   6  136   1640     0:00:00.046   165:47:55.921
svchost            1828   8  11  425   7648     0:00:48.265   165:47:55.911
svchost            1908   8   8  478  18672     0:06:46.312   165:47:55.894
svchost            1916   8   4  236   3696     0:00:01.625   165:47:55.893
svchost            1924   8   8  452   4988     0:00:21.500   165:47:55.892
svchost            2060   8   7 4253   3480     0:00:38.125   165:47:55.834
svchost            2068   8   6  193   9940     0:00:14.531   165:47:55.834
svchost            2156   8  14  251   3408     0:08:24.484   165:47:55.807
svchost            2216   8   2  169   1592     0:00:00.234   165:47:55.781
svchost            2232   8   4  184   2804     0:00:54.546   165:47:55.777
svchost            2372   8  12  244  11120     0:03:00.484   165:47:55.740
svchost            2380   8  15  416   6296     0:08:26.687   165:47:55.740
svchost            2400   8   3  208   2016     0:00:04.781   165:47:55.737
svchost            2452   8  14  324   5004     2:01:07.625   165:47:55.730
dasHost            2480   8   3  433   4360     0:00:00.359   165:47:55.721
NVDisplay.Container  2540   8  10  259   3140     0:00:01.890   165:47:55.685
svchost            2604   8   5  192   1684     0:00:00.093   165:47:55.656
svchost            2640   8   5  454   3036     0:00:01.093   165:47:55.648
svchost            2636   8   6  237   3000     0:10:02.500   165:47:55.648
svchost            2652   8   3  277   1364     0:00:01.203   165:47:55.648
svchost            2796   8   9 2730   4436     0:15:53.281   165:47:55.602
svchost            2808   8   6  192   2152     0:00:06.453   165:47:55.598
svchost            2816   8   2  127   1576     0:00:00.093   165:47:55.593
Memory Compression  2892   8 158    0   2268     0:11:03.156   165:47:55.577
svchost            2932   8   2  157   1880     0:00:00.562   165:47:55.573
NVDisplay.Container  2952   8  23  642  28768     0:00:30.109   165:47:55.568
svchost            3004   8   2  228   2336     0:00:00.093   165:47:55.561
svchost            2780   8   6  222   2320     0:00:00.359   165:47:55.531
igfxCUIService     3020   8   2  172   1916     0:00:00.093   165:47:55.527
svchost            3132   8   7  197   2400     0:00:26.828   165:47:55.488
svchost            3140   8   3  184   1872     0:00:00.984   165:47:55.487
svchost            3420   8  12  453   6280     0:02:00.265   165:47:55.185
svchost            3500   8  12  318   3172     0:00:06.125   165:47:55.162
RtkAudioService64  3620   8   3  230   1852     0:00:00.093   165:47:55.079
svchost            3912   8   5  227   2656     0:02:13.328   165:47:54.890
svchost            3924   8   5  142   1880     0:00:04.375   165:47:54.886
svchost            3936   8  11  377   2980     0:00:04.515   165:47:54.885
svchost            3996   8  16  526   6624     0:02:27.718   165:47:54.738
RAVBg64            4124   8   4  314   6336     0:00:00.578   165:47:54.610
svchost            4160   8   5  257   2940     0:00:00.562   165:47:54.599
spoolsv            4248   8  10  451   6088     0:00:08.421   165:47:54.570
svchost            4316   8  14  450  10452     0:01:30.968   165:47:54.530
svchost            4672   8   2  112   1324     0:00:00.078   165:47:54.343
AdminService       4680   8   5  246   4632     0:00:03.031   165:47:54.342
CAJSHost           4696   8   2  180   3500     0:00:00.125   165:47:54.336
svchost            4708   8  23  454  53832     1:26:44.281   165:47:54.334
svchost            4724   8   5  268   2744     0:00:00.843   165:47:54.332
IntelCpHDCPSvc     4740   8   3  150   1532     0:00:00.078   165:47:54.329
esif_uf            4752  13   3  129   1820     0:00:00.109   165:47:54.329
svchost            4760   8  23  582  18756     1:55:21.500   165:47:54.329
servicehost        4768   8 100  638  18052     0:02:15.296   165:47:54.328
SmartByteNetworkService  4776   8  22  563 164228     1:10:23.781   165:47:54.326
FlashHelperService  4784   8  39 1061  15092     0:00:00.734   165:47:54.325
QQProtect          4792   8  19  421  19992     0:00:22.078   165:47:54.322
SangforPromoteService  4800   8  12  451   8128     0:06:16.890   165:47:54.320
svchost            4812   8  15  214   2556     0:00:01.593   165:47:54.319
svchost            4828   8   4  128   2000     0:00:00.078   165:47:54.316
RstMwService       4840   8   6  138   1476     0:00:00.109   165:47:54.310
svchost            4856   8  13  568  20700     0:01:27.671   165:47:54.306
OfficeClickToRun   4864   8  20  741  39760     0:00:25.156   165:47:54.305
NvTelemetryContainer  4876   8   7  221   3884     0:00:01.218   165:47:54.303
svchost            4888   8   2  161   1912     0:00:00.078   165:47:54.297
svchost            4916   8   3  153   1380     0:00:00.140   165:47:54.291
svchost            4924   8   6  300   4468     0:00:20.671   165:47:54.285
svchost            4932   8  10  448   5632     0:00:26.281   165:47:54.283
IpOverUsbSvc       4944   8   6  306  10820     0:00:00.750   165:47:54.280
WavesSysSvc64      4960   8   2  241   4024     0:00:00.296   165:47:54.279
vmnat              4968   8   4  197   5032     0:00:03.609   165:47:54.277
vmnetdhcp          4976   8   2   87   7924     0:00:00.656   165:47:54.276
svchost            4996   8   5  180   2016     0:00:00.375   165:47:54.273
sqlwriter          5008   8   2  140   2092     0:00:00.125   165:47:54.273
FoxitProtect       5016   8  10  341  11580     0:02:56.328   165:47:54.270
svchost            5076   8   4  170   1952     0:00:00.718   165:47:54.256
svchost            4140   8   7  215   2568     0:00:03.703   165:47:54.249
MsMpEng            4312   8  47 1319 467592     2:05:40.781   165:47:54.248
CoordService       5340   8   6  217   6960     1:31:51.890   165:47:54.193
BuildService       5348   8  10  274   6528     0:00:23.171   165:47:54.192
svchost            5448   8   2  135   1696     0:00:00.062   165:47:54.165
svchost            5648   8   8  496   3924     0:00:54.937   165:47:54.131
vmware-usbarbitrator64  5728   8   3  227   4648     0:00:07.703   165:47:54.114
vmware-authd       5800   8   6  324   9604     0:23:32.281   165:47:54.087
IntelCpHeciSvc     5812   8   3  137   1476     0:00:00.093   165:47:54.081
svchost            5984   8   6  138   1740     0:00:00.187   165:47:53.995
svchost            6156   8   6  169   1888     0:00:01.109   165:47:53.896
sqlceip            6212   6  11  533  40412     0:00:33.984   165:47:53.860
RNDBWMService      6432   8   6  254  14940     0:00:00.468   165:47:53.725
sqlservr           6852   8  74  725 394536     6:38:12.156   165:47:53.572
sqlceip            6912   6  11  537  39112     0:00:15.281   165:47:53.521
svchost            6920   8  15  423   3804     0:00:29.828   165:47:53.514
RNDBWM             7348   8   6  609  71928     3:16:31.718   165:47:53.147
conhost            7372   8   4  156   6720     0:00:50.781   165:47:53.130
svchost            8144   8   4  178   2020     0:00:00.140   165:47:51.838
vmware-hostd       8548   8  20  449  37696     0:00:07.578   165:47:50.149
NisSrv             8676   8  11  203  14732     0:01:14.062   165:47:50.078
svchost            8820   8   2  142   1644     0:00:00.125   165:47:49.990
svchost            8828   8   3  227   2528     0:00:00.187   165:47:49.990
svchost            8916   8   5  271   2884     0:00:00.390   165:47:49.938
svchost            8404   8   5  134   2532     0:00:00.765   165:47:49.178
WmiPrvSE           8864   8  10  639  50420     0:11:49.687   165:47:49.004
dllhost            4556   8   7  208   4052     0:00:00.359   165:47:43.555
svchost            2840   8   7  206   4972     0:00:00.750   165:47:22.649
svchost            5332   8  16  668  12820     0:00:13.171   165:45:46.415
svchost            5368   8  12  457   6392     0:00:07.593   165:45:46.273
svchost            5232   8   8  311   3652     0:00:01.546   165:45:45.876
svchost            5548   8   8  767   7456     0:01:17.578   165:45:45.721
DDVRulesProcessor  5540   8   6  263  17472     0:00:02.609   165:45:45.547
WmiPrvSE           5780   8  14  661  23128    12:41:10.296   165:45:45.466
DSAPI              6888   8  23  736 126164     0:12:39.000   165:45:45.284
DellSupportAssistRemedationService  7396   8  16  972  67976     0:07:27.218   165:45:40.529
ServiceShell       7436   8  32 1087  84676     0:00:26.843   165:45:40.241
svchost            3412   8   4  209   2804     0:00:00.359   165:45:38.053
dllhost            7308   8  10  255   4084     0:00:00.578   165:45:31.837
msdtc              1664   8   9  223   3116     0:00:00.171   165:45:31.661
svchost            3080   8   3  241   3032     0:02:04.375   165:45:29.737
IAStorDataMgrSvc   9332   8  10  464 112652     0:00:28.390   165:45:29.502
GoogleCrashHandler  9436   4   3  181   1736     0:00:00.187   165:45:29.458
GoogleCrashHandler64  9468   4   3  160   1724     0:00:00.031   165:45:29.442
jhi_service        9620   8   2  208   3808     0:00:00.093   165:45:29.314
LMS                9684   8   4  278   3456     0:00:00.593   165:45:29.158
SgrmBroker         9804   8   5   89   4472     0:00:11.531   165:45:28.815
SupportAssistAgent  9972   8  22  966 585612     0:01:24.750   165:45:28.206
SearchIndexer     10048   8  31  973  71388     0:09:08.906   165:45:27.971
DDVDataCollector  10148   8   9  364  17328     0:01:50.421   165:45:27.314
DDVCollectorSvcApi 10208   8   2  148   1620     0:00:00.046   165:45:27.112
nvapiw            10724   8   2  138   4092     0:00:00.250   165:45:06.231
dptf_helper        4064   8   3   81   1480     0:00:05.421   165:44:52.486
uihost            10104   8  67  875  54768     0:01:34.625   165:44:52.472
unsecapp          11620   8   3  139   1908     0:00:00.484   165:44:52.043
sihost            11708   8  12  921  15840     0:03:06.359   165:44:51.958
svchost           11728   8  13  463  12060     0:03:59.015   165:44:51.936
svchost           11804   8  10 5194  22224     0:01:16.609   165:44:51.904
PresentationFontCache 11820   8   4  237  24284     0:00:00.468   165:44:51.893
taskhostw         11988   8   9  359  11460     0:00:34.109   165:44:51.811
svchost           12080   8  11  305   6636     0:01:29.375   165:44:51.772
svchost           12184   8   4  173   1864     0:00:00.156   165:44:51.716
ctfmon            12268  13  11  823  40564     0:05:45.937   165:44:51.657
explorer          12680   8 175 6225 227796     1:16:15.750   165:44:51.213
igfxEM            13036   8   6  700   6932     0:00:13.765   165:44:50.647
ChsIME            13056   8   2  155   1668     0:00:00.015   165:44:50.591
svchost           13164   8   8  390   4244     0:00:08.578   165:44:50.330
StartMenuExperienceHost 12588   8 401 1901  59804     0:00:43.109   165:44:49.400
RuntimeBroker     11800   8   6  468  10596     0:00:06.359   165:44:49.067
RuntimeBroker     13524   8  23  696  16168     0:02:03.531   165:44:48.317
ECAgent           13740   8  16  481  10100     0:03:21.906   165:44:48.068
svchost           13916   8   7  292   4456     0:00:13.406   165:44:47.740
RemindersServer   14100   8   7  346   8200     0:00:03.593   165:44:47.430
SettingSyncHost   14320   6  11  736  21896     0:01:37.468   165:44:47.097
WindowsInternal.ComposableShell.Experiences.TextInput.InputApp  7860   8  17  665  13048     0:01:28.593   165:44:45.333
svchost           15200   8   8  503   7356     0:00:04.421   165:44:39.936
SecurityHealthSystray 14960   8   1  153   1984     0:00:00.203   165:44:36.759
SecurityHealthService 15304   8   9  418   5016     0:00:02.000   165:44:36.703
RtkNGUI64         15344   8   6  386   4808     0:00:02.187   165:44:36.081
RAVBg64            5152   8   4  294   4736     0:00:01.421   165:44:35.413
WavesSvc64         7564   8  10  549  22348     0:00:17.218   165:44:34.250
OneDrive          15404   8  29 1041  49108     0:01:05.875   165:44:32.360
svchost           16364   8   4  604   2972     0:00:41.625   165:44:25.072
yundetectservice  15180   8  12  315   6916     0:00:09.421   165:44:24.646
AppleMobileDeviceProcess 13384   8   8  221   3244     0:02:51.921   165:44:23.993
xgTrayIcon         9448   8   4  213   6584     0:00:27.406   165:44:22.316
vmware-tray        9696   8   3  198   3868     0:00:00.218   165:44:22.093
QQ                16040   8 119 2609 373120     1:31:17.609   165:44:19.769
TXPlatform        16148   8   2  210   4048     0:00:00.078   165:44:11.372
ApplicationFrameHost 16152   8  19  827  44324     0:08:13.062   165:43:46.067
dllhost           10888   8   8  282   5412     0:00:01.062   165:43:45.820
RuntimeBroker     11088   8   7  452  11052     0:00:17.484   165:43:45.489
IAStorIcon        11080   8   7  316  39884     0:00:12.140   165:43:34.666
SecurityHealthHost 10832   8   1  192   2572     0:00:00.062   165:42:47.381
ShellExperienceHost 15836   8  21  991  26568     0:00:10.140   165:42:47.223
RuntimeBroker     16092   8   5  351   6584     0:00:01.843   165:42:46.911
taskhostw          5608   8   4  354   5960     0:00:00.359   165:42:46.690
QQLiveService     14516   8  37  679  18224     0:00:13.937   165:41:53.462
SmartByteTelemetry 10244   6  19  648  53300     0:26:30.437   165:39:51.335
svchost           15152   8   3  223   5924     0:00:03.000   165:38:55.081
SogouCloud        12712   8  25  755  39476     0:55:00.343   165:38:28.485
smartscreen       13180   8  10  406  17016     0:00:09.281   165:34:36.448
svchost           11956   8   2  206   2104     0:00:00.093   165:14:50.895
RuntimeBroker     18184   8   6  354   7372     0:01:51.375   161:45:50.792
svchost           15340   8   5  197   6556     0:00:01.437   159:03:03.179
Microsoft.Photos  13732   8  14  922  59880     0:01:09.750   158:32:46.095
RuntimeBroker      3164   8   5  436  12572     0:01:19.078   158:32:44.711
steam              1152   8  36 1836 118736     2:16:32.296   142:52:54.903
steamwebhelper     2256   8  18 1029  41084     0:02:14.656   142:52:37.930
steamwebhelper     6020   8   6  261   7872     0:00:00.312   142:52:37.626
SteamService       4460   8   5  318  10404     0:00:03.906   142:52:37.372
steamwebhelper    18324   8  11 1035 327608     0:05:08.875   142:52:36.926
steamwebhelper     5928   8   9  386  18960     0:01:04.187   142:52:36.821
steamwebhelper    16272  10  18  561  67308     0:00:11.750   142:52:15.195
steamwebhelper    17572   4  19  594 193708     0:05:40.953   142:52:14.574
sqlservr          11828   8  85  769 384784     6:58:02.781   133:59:26.240
wemeetlauncher    18388   8   8  331  10064     0:00:00.843   117:37:10.638
svchost           15392   8   3  144   1868     0:00:00.296    93:13:34.607
svchost            7408   8   5  182   2676     0:00:05.375    92:33:58.002
rundll32          10876   8   1  122   2344     0:00:00.046    86:37:47.206
Calculator        10360   8  20  513  20896     0:00:00.796    84:27:50.691
steamwebhelper    15300   8   7  309   9328     0:00:01.046    67:11:45.038
CompPkgSrv        15544   8   1  161   1784     0:00:00.062    67:11:43.318
svchost            8328   6   3  181   2088     0:00:00.046    60:31:05.767
SearchUI           7172   8  42 1478 110140     0:00:21.531    37:44:06.703
WmiPrvSE          21948   8   6  354  35368     0:01:26.828    34:59:31.063
svchost           22268   8  11  400   5944     0:01:21.281    30:09:25.166
YourPhone         14568   8  16  609  16128     0:00:00.843    28:50:59.701
RuntimeBroker     18548   8   3  334   3620     0:00:00.328    28:50:59.371
SogouImeBroker    12980   8   3  380   7244     0:00:00.328    24:21:58.372
Video.UI          19924   8  17  709  21520     0:00:00.484    23:56:26.412
RuntimeBroker     18888   8   2  167   2004     0:00:00.046    23:28:36.367
steamwebhelper    20120   4  18  548  46692     0:00:02.015    16:15:03.199
audiodg           21044   8  26  810  60544     0:38:20.546     2:48:29.558
Zoom               5252   8  18  706  41080     0:00:04.031     2:44:48.789
Zoom               9208   8  50 1068 174120     0:18:01.187     2:44:46.567
CptHost            9776   8   6  281   4208     0:00:00.250     2:44:25.738
chrome            21744   8  33 1331  92188     0:00:45.859     1:49:14.301
chrome             2368   8   7  146   1676     0:00:00.046     1:49:14.257
chrome             9476   8   2  142   2012     0:00:00.062     1:49:14.203
chrome            23292  10  13  574 141220     0:00:34.812     1:49:14.058
chrome            16800   8  12  503  26688     0:00:12.140     1:49:14.050
chrome            25356   4  22  431  83204     0:00:32.046     1:49:13.919
chrome            10388   8  15  244  36732     0:00:02.031     1:49:13.802
cmd               17844   8   1   76   2388     0:00:00.031     1:49:13.410
conhost           21904   8   3  144   6956     0:00:00.078     1:49:13.400
browserhost       17852   8  31  232   5268     0:00:00.125     1:49:13.327
MicrosoftEdge     14096   8  24 1079  31556     0:00:07.015     1:23:10.779
browser_broker    19788   8   5  428   4292     0:00:00.296     1:23:10.700
MicrosoftEdgeSH    9820   8   6  280   4312     0:00:00.312     1:23:10.518
MicrosoftEdgeCP   24600   8  34  864  26064     0:00:02.031     0:33:11.199
MicrosoftPdfReader 24828   8  29  836 113236     0:01:32.671     0:33:10.623
MicrosoftEdgeCP   19100   8  15  503   5968     0:00:00.125     0:32:56.309
MicrosoftEdgeCP   13436   8  37  966  70988     0:00:02.140     0:32:46.316
MicrosoftEdgeCP   19176   8  15  493   6016     0:00:00.218     0:32:46.092
MicrosoftEdgeCP   10480   8  15  496   5956     0:00:00.156     0:32:36.301
git-bash           4644   8   1  105   1652     0:00:00.015     0:32:17.618
mintty            19080   8   9  473  18272     0:00:08.437     0:32:17.524
conhost           24772   8   3  145   6964     0:00:00.062     0:32:17.167
bash              22436   8   3  163   6936     0:00:00.078     0:32:16.976
vim               24596   8   3  183   8352     0:00:00.875     0:29:26.292
chrome            14688   4  14  217  12644     0:00:00.062     0:09:31.074
SearchProtocolHost 13536   4   6  275   2008     0:00:00.062     0:07:54.110
svchost            2616   8  10  386   4804     0:00:00.234     0:03:44.355
svchost           13120   8   3  137   1740     0:00:00.031     0:03:44.167
cmd               21444   8   1   77   2292     0:00:00.031     0:03:08.362
conhost           25224   8   8  381  17036     0:00:05.796     0:03:08.356
IAStorIcon        24380   8   9  323  37716     0:00:00.390     0:02:40.932
SearchFilterHost  25472   4   3  132   1388     0:00:00.031     0:02:07.150
backgroundTaskHost 17688   8  13  380   6744     0:00:00.187     0:00:20.298
backgroundTaskHost 16060   8  10  318   4972     0:00:00.093     0:00:20.203
svchost           17896   8   9  201   3952     0:00:00.031     0:00:19.931
WmiPrvSE          24504   8  11  285   8628     0:00:00.453     0:00:07.347
backgroundTaskHost  8720   8  10  318   5164     0:00:00.250     0:00:04.070
pslist            18104  13  10  401   9720     0:00:00.578     0:00:02.732
